Archive member included because of file (symbol)

c:/program files (x86)/atmel/avr tools/avr toolchain/bin/../lib/gcc/avr/4.8.1/avr5\libgcc.a(_divmodhi4.o)
                              ./SRC/SOURCE/LEDcontrol.o (__divmodhi4)
c:/program files (x86)/atmel/avr tools/avr toolchain/bin/../lib/gcc/avr/4.8.1/avr5\libgcc.a(_udivmodsi4.o)
                              ./Libraries/Source/lcd.o (__udivmodsi4)
c:/program files (x86)/atmel/avr tools/avr toolchain/bin/../lib/gcc/avr/4.8.1/avr5\libgcc.a(_exit.o)
                              c:/program files (x86)/atmel/avr tools/avr toolchain/bin/../lib/gcc/avr/4.8.1/../../../../avr/lib/avr5/crtm32.o (exit)
c:/program files (x86)/atmel/avr tools/avr toolchain/bin/../lib/gcc/avr/4.8.1/avr5\libgcc.a(_copy_data.o)
                              ./SRC/SOURCE/DEV_COMMAND.o (__do_copy_data)
c:/program files (x86)/atmel/avr tools/avr toolchain/bin/../lib/gcc/avr/4.8.1/avr5\libgcc.a(_clear_bss.o)
                              ./SRC/SOURCE/DEV_COMMAND.o (__do_clear_bss)
c:/program files (x86)/atmel/avr tools/avr toolchain/bin/../lib/gcc/avr/4.8.1/avr5\libgcc.a(_mulshisi3.o)
                              ./Libraries/Source/uart.o (__mulohisi3)
c:/program files (x86)/atmel/avr tools/avr toolchain/bin/../lib/gcc/avr/4.8.1/avr5\libgcc.a(_udivmodhi4.o)
                              c:/program files (x86)/atmel/avr tools/avr toolchain/bin/../lib/gcc/avr/4.8.1/avr5\libgcc.a(_divmodhi4.o) (__udivmodhi4)
c:/program files (x86)/atmel/avr tools/avr toolchain/bin/../lib/gcc/avr/4.8.1/avr5\libgcc.a(_muluhisi3.o)
                              c:/program files (x86)/atmel/avr tools/avr toolchain/bin/../lib/gcc/avr/4.8.1/avr5\libgcc.a(_mulshisi3.o) (__muluhisi3)
c:/program files (x86)/atmel/avr tools/avr toolchain/bin/../lib/gcc/avr/4.8.1/avr5\libgcc.a(_umulhisi3.o)
                              c:/program files (x86)/atmel/avr tools/avr toolchain/bin/../lib/gcc/avr/4.8.1/avr5\libgcc.a(_muluhisi3.o) (__umulhisi3)
c:/program files (x86)/atmel/avr tools/avr toolchain/bin/../lib/gcc/avr/4.8.1/../../../../avr/lib/avr5\libm.a(addsf3.o)
                              ./Libraries/Source/uart.o (__subsf3)
c:/program files (x86)/atmel/avr tools/avr toolchain/bin/../lib/gcc/avr/4.8.1/../../../../avr/lib/avr5\libm.a(addsf3x.o)
                              c:/program files (x86)/atmel/avr tools/avr toolchain/bin/../lib/gcc/avr/4.8.1/../../../../avr/lib/avr5\libm.a(addsf3.o) (__addsf3x)
c:/program files (x86)/atmel/avr tools/avr toolchain/bin/../lib/gcc/avr/4.8.1/../../../../avr/lib/avr5\libm.a(fixunssfsi.o)
                              ./SRC/SOURCE/PWM.o (__fixunssfsi)
c:/program files (x86)/atmel/avr tools/avr toolchain/bin/../lib/gcc/avr/4.8.1/../../../../avr/lib/avr5\libm.a(floatsisf.o)
                              ./Libraries/Source/uart.o (__floatunsisf)
c:/program files (x86)/atmel/avr tools/avr toolchain/bin/../lib/gcc/avr/4.8.1/../../../../avr/lib/avr5\libm.a(fp_inf.o)
                              c:/program files (x86)/atmel/avr tools/avr toolchain/bin/../lib/gcc/avr/4.8.1/../../../../avr/lib/avr5\libm.a(addsf3x.o) (__fp_inf)
c:/program files (x86)/atmel/avr tools/avr toolchain/bin/../lib/gcc/avr/4.8.1/../../../../avr/lib/avr5\libm.a(fp_nan.o)
                              c:/program files (x86)/atmel/avr tools/avr toolchain/bin/../lib/gcc/avr/4.8.1/../../../../avr/lib/avr5\libm.a(addsf3x.o) (__fp_nan)
c:/program files (x86)/atmel/avr tools/avr toolchain/bin/../lib/gcc/avr/4.8.1/../../../../avr/lib/avr5\libm.a(fp_pscA.o)
                              c:/program files (x86)/atmel/avr tools/avr toolchain/bin/../lib/gcc/avr/4.8.1/../../../../avr/lib/avr5\libm.a(addsf3x.o) (__fp_pscA)
c:/program files (x86)/atmel/avr tools/avr toolchain/bin/../lib/gcc/avr/4.8.1/../../../../avr/lib/avr5\libm.a(fp_pscB.o)
                              c:/program files (x86)/atmel/avr tools/avr toolchain/bin/../lib/gcc/avr/4.8.1/../../../../avr/lib/avr5\libm.a(addsf3x.o) (__fp_pscB)
c:/program files (x86)/atmel/avr tools/avr toolchain/bin/../lib/gcc/avr/4.8.1/../../../../avr/lib/avr5\libm.a(fp_round.o)
                              c:/program files (x86)/atmel/avr tools/avr toolchain/bin/../lib/gcc/avr/4.8.1/../../../../avr/lib/avr5\libm.a(addsf3.o) (__fp_round)
c:/program files (x86)/atmel/avr tools/avr toolchain/bin/../lib/gcc/avr/4.8.1/../../../../avr/lib/avr5\libm.a(fp_split3.o)
                              c:/program files (x86)/atmel/avr tools/avr toolchain/bin/../lib/gcc/avr/4.8.1/../../../../avr/lib/avr5\libm.a(addsf3x.o) (__fp_split3)
c:/program files (x86)/atmel/avr tools/avr toolchain/bin/../lib/gcc/avr/4.8.1/../../../../avr/lib/avr5\libm.a(fp_zero.o)
                              c:/program files (x86)/atmel/avr tools/avr toolchain/bin/../lib/gcc/avr/4.8.1/../../../../avr/lib/avr5\libm.a(addsf3x.o) (__fp_zero)
c:/program files (x86)/atmel/avr tools/avr toolchain/bin/../lib/gcc/avr/4.8.1/../../../../avr/lib/avr5\libm.a(mulsf3.o)
                              ./SRC/SOURCE/PWM.o (__mulsf3)
c:/program files (x86)/atmel/avr tools/avr toolchain/bin/../lib/gcc/avr/4.8.1/../../../../avr/lib/avr5\libm.a(mulsf3x.o)
                              c:/program files (x86)/atmel/avr tools/avr toolchain/bin/../lib/gcc/avr/4.8.1/../../../../avr/lib/avr5\libm.a(mulsf3.o) (__mulsf3x)

Allocating common symbols
Common symbol       size              file

LCDConfig           0xe               ./Libraries/Source/lcd.o
v_LcdTrackCursorPos_U8
                    0x1               ./Libraries/Source/lcd.o
LCD_BUFFOR          0x20              ./SRC/SOURCE/DEV_COMMAND.o
v_LcdTrackLineNum_U8
                    0x1               ./Libraries/Source/lcd.o

Memory Configuration

Name             Origin             Length             Attributes
text             0x00000000         0x00020000         xr
data             0x00800060         0x0000ffa0         rw !x
eeprom           0x00810000         0x00010000         rw !x
fuse             0x00820000         0x00000400         rw !x
lock             0x00830000         0x00000400         rw !x
signature        0x00840000         0x00000400         rw !x
user_signatures  0x00850000         0x00000400         rw !x
*default*        0x00000000         0xffffffff

Linker script and memory map

LOAD c:/program files (x86)/atmel/avr tools/avr toolchain/bin/../lib/gcc/avr/4.8.1/../../../../avr/lib/avr5/crtm32.o
LOAD ./SRC/SOURCE/DEV_COMMAND.o
LOAD ./SRC/SOURCE/LCD_EXPLOITING.o
LOAD ./SRC/SOURCE/LEDcontrol.o
LOAD ./SRC/SOURCE/PWM.o
LOAD ./SRC/SOURCE/SettingsMenu.o
LOAD ./SRC/SOURCE/UART_COMMUNICATION.o
LOAD ./SRC/SOURCE/main.o
LOAD ./Libraries/Source/delay.o
LOAD ./Libraries/Source/eeprom.o
LOAD ./Libraries/Source/gpio.o
LOAD ./Libraries/Source/lcd.o
LOAD ./Libraries/Source/uart.o
START GROUP
LOAD c:/program files (x86)/atmel/avr tools/avr toolchain/bin/../lib/gcc/avr/4.8.1/avr5\libgcc.a
LOAD c:/program files (x86)/atmel/avr tools/avr toolchain/bin/../lib/gcc/avr/4.8.1/../../../../avr/lib/avr5\libm.a
LOAD c:/program files (x86)/atmel/avr tools/avr toolchain/bin/../lib/gcc/avr/4.8.1/../../../../avr/lib/avr5\libc.a
END GROUP

.hash
 *(.hash)

.dynsym
 *(.dynsym)

.dynstr
 *(.dynstr)

.gnu.version
 *(.gnu.version)

.gnu.version_d
 *(.gnu.version_d)

.gnu.version_r
 *(.gnu.version_r)

.rel.init
 *(.rel.init)

.rela.init
 *(.rela.init)

.rel.text
 *(.rel.text)
 *(.rel.text.*)
 *(.rel.gnu.linkonce.t*)

.rela.text
 *(.rela.text)
 *(.rela.text.*)
 *(.rela.gnu.linkonce.t*)

.rel.fini
 *(.rel.fini)

.rela.fini
 *(.rela.fini)

.rel.rodata
 *(.rel.rodata)
 *(.rel.rodata.*)
 *(.rel.gnu.linkonce.r*)

.rela.rodata
 *(.rela.rodata)
 *(.rela.rodata.*)
 *(.rela.gnu.linkonce.r*)

.rel.data
 *(.rel.data)
 *(.rel.data.*)
 *(.rel.gnu.linkonce.d*)

.rela.data
 *(.rela.data)
 *(.rela.data.*)
 *(.rela.gnu.linkonce.d*)

.rel.ctors
 *(.rel.ctors)

.rela.ctors
 *(.rela.ctors)

.rel.dtors
 *(.rel.dtors)

.rela.dtors
 *(.rela.dtors)

.rel.got
 *(.rel.got)

.rela.got
 *(.rela.got)

.rel.bss
 *(.rel.bss)

.rela.bss
 *(.rela.bss)

.rel.plt
 *(.rel.plt)

.rela.plt
 *(.rela.plt)

.text           0x00000000     0x37be
 *(.vectors)
 .vectors       0x00000000       0x54 c:/program files (x86)/atmel/avr tools/avr toolchain/bin/../lib/gcc/avr/4.8.1/../../../../avr/lib/avr5/crtm32.o
                0x00000000                __vector_default
                0x00000000                __vectors
 *(.vectors)
 *(.progmem.gcc*)
                0x00000054                . = ALIGN (0x2)
                0x00000054                __trampolines_start = .
 *(.trampolines)
 .trampolines   0x00000054        0x0 linker stubs
 *(.trampolines*)
                0x00000054                __trampolines_end = .
 *(.progmem*)
                0x00000054                . = ALIGN (0x2)
 *(.jumptables)
 *(.jumptables*)
 *(.lowtext)
 *(.lowtext*)
                0x00000054                __ctors_start = .
 *(.ctors)
                0x00000054                __ctors_end = .
                0x00000054                __dtors_start = .
 *(.dtors)
                0x00000054                __dtors_end = .
 SORT(*)(.ctors)
 SORT(*)(.dtors)
 *(.init0)
 .init0         0x00000054        0x0 c:/program files (x86)/atmel/avr tools/avr toolchain/bin/../lib/gcc/avr/4.8.1/../../../../avr/lib/avr5/crtm32.o
                0x00000054                __init
 *(.init0)
 *(.init1)
 *(.init1)
 *(.init2)
 .init2         0x00000054        0xc c:/program files (x86)/atmel/avr tools/avr toolchain/bin/../lib/gcc/avr/4.8.1/../../../../avr/lib/avr5/crtm32.o
 *(.init2)
 *(.init3)
 *(.init3)
 *(.init4)
 .init4         0x00000060       0x16 c:/program files (x86)/atmel/avr tools/avr toolchain/bin/../lib/gcc/avr/4.8.1/avr5\libgcc.a(_copy_data.o)
                0x00000060                __do_copy_data
 .init4         0x00000076       0x10 c:/program files (x86)/atmel/avr tools/avr toolchain/bin/../lib/gcc/avr/4.8.1/avr5\libgcc.a(_clear_bss.o)
                0x00000076                __do_clear_bss
 *(.init4)
 *(.init5)
 *(.init5)
 *(.init6)
 *(.init6)
 *(.init7)
 *(.init7)
 *(.init8)
 *(.init8)
 *(.init9)
 .init9         0x00000086        0x8 c:/program files (x86)/atmel/avr tools/avr toolchain/bin/../lib/gcc/avr/4.8.1/../../../../avr/lib/avr5/crtm32.o
 *(.init9)
 *(.text)
 .text          0x0000008e        0x4 c:/program files (x86)/atmel/avr tools/avr toolchain/bin/../lib/gcc/avr/4.8.1/../../../../avr/lib/avr5/crtm32.o
                0x0000008e                __vector_1
                0x0000008e                __vector_12
                0x0000008e                __bad_interrupt
                0x0000008e                __vector_6
                0x0000008e                __vector_3
                0x0000008e                __vector_11
                0x0000008e                __vector_13
                0x0000008e                __vector_17
                0x0000008e                __vector_19
                0x0000008e                __vector_7
                0x0000008e                __vector_5
                0x0000008e                __vector_4
                0x0000008e                __vector_9
                0x0000008e                __vector_2
                0x0000008e                __vector_15
                0x0000008e                __vector_8
                0x0000008e                __vector_14
                0x0000008e                __vector_10
                0x0000008e                __vector_16
                0x0000008e                __vector_18
                0x0000008e                __vector_20
 .text          0x00000092        0x0 ./SRC/SOURCE/DEV_COMMAND.o
 .text          0x00000092        0x0 ./SRC/SOURCE/LCD_EXPLOITING.o
 .text          0x00000092        0x0 ./SRC/SOURCE/LEDcontrol.o
 .text          0x00000092        0x0 ./SRC/SOURCE/PWM.o
 .text          0x00000092        0x0 ./SRC/SOURCE/SettingsMenu.o
 .text          0x00000092        0x0 ./SRC/SOURCE/UART_COMMUNICATION.o
 .text          0x00000092        0x0 ./SRC/SOURCE/main.o
 .text          0x00000092        0x0 ./Libraries/Source/delay.o
 .text          0x00000092        0x0 ./Libraries/Source/eeprom.o
 .text          0x00000092        0x0 ./Libraries/Source/gpio.o
 .text          0x00000092        0x0 ./Libraries/Source/lcd.o
 .text          0x00000092        0x0 ./Libraries/Source/uart.o
 .text          0x00000092        0x0 c:/program files (x86)/atmel/avr tools/avr toolchain/bin/../lib/gcc/avr/4.8.1/avr5\libgcc.a(_divmodhi4.o)
 .text          0x00000092        0x0 c:/program files (x86)/atmel/avr tools/avr toolchain/bin/../lib/gcc/avr/4.8.1/avr5\libgcc.a(_udivmodsi4.o)
 .text          0x00000092        0x0 c:/program files (x86)/atmel/avr tools/avr toolchain/bin/../lib/gcc/avr/4.8.1/avr5\libgcc.a(_exit.o)
 .text          0x00000092        0x0 c:/program files (x86)/atmel/avr tools/avr toolchain/bin/../lib/gcc/avr/4.8.1/avr5\libgcc.a(_copy_data.o)
 .text          0x00000092        0x0 c:/program files (x86)/atmel/avr tools/avr toolchain/bin/../lib/gcc/avr/4.8.1/avr5\libgcc.a(_clear_bss.o)
 .text          0x00000092        0x0 c:/program files (x86)/atmel/avr tools/avr toolchain/bin/../lib/gcc/avr/4.8.1/avr5\libgcc.a(_mulshisi3.o)
 .text          0x00000092        0x0 c:/program files (x86)/atmel/avr tools/avr toolchain/bin/../lib/gcc/avr/4.8.1/avr5\libgcc.a(_udivmodhi4.o)
 .text          0x00000092        0x0 c:/program files (x86)/atmel/avr tools/avr toolchain/bin/../lib/gcc/avr/4.8.1/avr5\libgcc.a(_muluhisi3.o)
 .text          0x00000092        0x0 c:/program files (x86)/atmel/avr tools/avr toolchain/bin/../lib/gcc/avr/4.8.1/avr5\libgcc.a(_umulhisi3.o)
 .text          0x00000092        0x0 c:/program files (x86)/atmel/avr tools/avr toolchain/bin/../lib/gcc/avr/4.8.1/../../../../avr/lib/avr5\libm.a(addsf3.o)
 .text          0x00000092        0x0 c:/program files (x86)/atmel/avr tools/avr toolchain/bin/../lib/gcc/avr/4.8.1/../../../../avr/lib/avr5\libm.a(addsf3x.o)
 .text          0x00000092        0x0 c:/program files (x86)/atmel/avr tools/avr toolchain/bin/../lib/gcc/avr/4.8.1/../../../../avr/lib/avr5\libm.a(fixunssfsi.o)
 .text          0x00000092        0x0 c:/program files (x86)/atmel/avr tools/avr toolchain/bin/../lib/gcc/avr/4.8.1/../../../../avr/lib/avr5\libm.a(floatsisf.o)
 .text          0x00000092        0x0 c:/program files (x86)/atmel/avr tools/avr toolchain/bin/../lib/gcc/avr/4.8.1/../../../../avr/lib/avr5\libm.a(fp_inf.o)
 .text          0x00000092        0x0 c:/program files (x86)/atmel/avr tools/avr toolchain/bin/../lib/gcc/avr/4.8.1/../../../../avr/lib/avr5\libm.a(fp_nan.o)
 .text          0x00000092        0x0 c:/program files (x86)/atmel/avr tools/avr toolchain/bin/../lib/gcc/avr/4.8.1/../../../../avr/lib/avr5\libm.a(fp_pscA.o)
 .text          0x00000092        0x0 c:/program files (x86)/atmel/avr tools/avr toolchain/bin/../lib/gcc/avr/4.8.1/../../../../avr/lib/avr5\libm.a(fp_pscB.o)
 .text          0x00000092        0x0 c:/program files (x86)/atmel/avr tools/avr toolchain/bin/../lib/gcc/avr/4.8.1/../../../../avr/lib/avr5\libm.a(fp_round.o)
 .text          0x00000092        0x0 c:/program files (x86)/atmel/avr tools/avr toolchain/bin/../lib/gcc/avr/4.8.1/../../../../avr/lib/avr5\libm.a(fp_split3.o)
 .text          0x00000092        0x0 c:/program files (x86)/atmel/avr tools/avr toolchain/bin/../lib/gcc/avr/4.8.1/../../../../avr/lib/avr5\libm.a(fp_zero.o)
 .text          0x00000092        0x0 c:/program files (x86)/atmel/avr tools/avr toolchain/bin/../lib/gcc/avr/4.8.1/../../../../avr/lib/avr5\libm.a(mulsf3.o)
 .text          0x00000092        0x0 c:/program files (x86)/atmel/avr tools/avr toolchain/bin/../lib/gcc/avr/4.8.1/../../../../avr/lib/avr5\libm.a(mulsf3x.o)
                0x00000092                . = ALIGN (0x2)
 *(.text.*)
 .text.DEVCOMMAND_LedInfoBlink
                0x00000092       0x1c ./SRC/SOURCE/DEV_COMMAND.o
                0x00000092                DEVCOMMAND_LedInfoBlink
 .text.DEVCOMMAND_ExecuteCommand
                0x000000ae       0xea ./SRC/SOURCE/DEV_COMMAND.o
                0x000000ae                DEVCOMMAND_ExecuteCommand
 .text.LCDEXPLOITING_SetLctBrightness
                0x00000198       0x16 ./SRC/SOURCE/LCD_EXPLOITING.o
                0x00000198                LCDEXPLOITING_SetLctBrightness
 .text.LCDEXPLOITING_howLong
                0x000001ae       0x26 ./SRC/SOURCE/LCD_EXPLOITING.o
                0x000001ae                LCDEXPLOITING_howLong
 .text.LCDEXPLOITING_showPage
                0x000001d4      0x278 ./SRC/SOURCE/LCD_EXPLOITING.o
                0x000001d4                LCDEXPLOITING_showPage
 .text.LCDEXPLOITING_DrawLoading
                0x0000044c       0x52 ./SRC/SOURCE/LCD_EXPLOITING.o
                0x0000044c                LCDEXPLOITING_DrawLoading
 .text.screen_show_initialize
                0x0000049e      0x868 ./SRC/SOURCE/LCD_EXPLOITING.o
                0x0000049e                screen_show_initialize
 .text.PWM_SetLedBrightness
                0x00000d06       0x16 ./SRC/SOURCE/LEDcontrol.o
                0x00000d06                PWM_SetLedBrightness
 .text.LedControl_ON
                0x00000d1c       0x34 ./SRC/SOURCE/LEDcontrol.o
                0x00000d1c                LedControl_ON
 .text.LedControl_OFF
                0x00000d50       0x32 ./SRC/SOURCE/LEDcontrol.o
                0x00000d50                LedControl_OFF
 .text.LedControl_set
                0x00000d82        0x4 ./SRC/SOURCE/LEDcontrol.o
                0x00000d82                LedControl_set
 .text.PWM_Init
                0x00000d86        0x8 ./SRC/SOURCE/PWM.o
                0x00000d86                PWM_Init
 .text.PWM_SetDutyCycle
                0x00000d8e       0x38 ./SRC/SOURCE/PWM.o
                0x00000d8e                PWM_SetDutyCycle
 .text.PWM_Start
                0x00000dc6       0x22 ./SRC/SOURCE/PWM.o
                0x00000dc6                PWM_Start
 .text.SettingsMenu_PrintBoolean
                0x00000de8       0x92 ./SRC/SOURCE/SettingsMenu.o
                0x00000de8                SettingsMenu_PrintBoolean
 .text.SettingsMenu_PrintValue
                0x00000e7a       0x84 ./SRC/SOURCE/SettingsMenu.o
                0x00000e7a                SettingsMenu_PrintValue
 .text.SettingsMenu_PrintLabel
                0x00000efe       0x7a ./SRC/SOURCE/SettingsMenu.o
                0x00000efe                SettingsMenu_PrintLabel
 .text.SettingsMenu_pressedButton
                0x00000f78      0x406 ./SRC/SOURCE/SettingsMenu.o
                0x00000f78                SettingsMenu_pressedButton
 .text.SettingsMenu_ShowMenu
                0x0000137e      0x2c2 ./SRC/SOURCE/SettingsMenu.o
                0x0000137e                SettingsMenu_ShowMenu
 .text.UARTCOMMUNICATION_send
                0x00001640       0x1c ./SRC/SOURCE/UART_COMMUNICATION.o
                0x00001640                UARTCOMMUNICATION_send
 .text.Initialization
                0x0000165c      0x2c8 ./SRC/SOURCE/main.o
                0x0000165c                Initialization
 .text.ShowPage
                0x00001924       0x7e ./SRC/SOURCE/main.o
                0x00001924                ShowPage
 .text.MainLoop
                0x000019a2      0x1ae ./SRC/SOURCE/main.o
                0x000019a2                MainLoop
 .text.startup.main
                0x00001b50       0x4e ./SRC/SOURCE/main.o
                0x00001b50                main
 .text.DELAY_us
                0x00001b9e       0x12 ./Libraries/Source/delay.o
                0x00001b9e                DELAY_us
 .text.DELAY_ms
                0x00001bb0       0x16 ./Libraries/Source/delay.o
                0x00001bb0                DELAY_ms
 .text.EEPROM_WriteByte
                0x00001bc6       0x10 ./Libraries/Source/eeprom.o
                0x00001bc6                EEPROM_WriteByte
 .text.EEPROM_ReadByte
                0x00001bd6        0xe ./Libraries/Source/eeprom.o
                0x00001bd6                EEPROM_ReadByte
 .text.EEPROM_WriteString
                0x00001be4       0x30 ./Libraries/Source/eeprom.o
                0x00001be4                EEPROM_WriteString
 .text.EEPROM_ReadString
                0x00001c14       0x2a ./Libraries/Source/eeprom.o
                0x00001c14                EEPROM_ReadString
 .text.GPIO_PinDirection
                0x00001c3e       0xa2 ./Libraries/Source/gpio.o
                0x00001c3e                GPIO_PinDirection
 .text.GPIO_PinWrite
                0x00001ce0       0xa2 ./Libraries/Source/gpio.o
                0x00001ce0                GPIO_PinWrite
 .text.GPIO_PinRead
                0x00001d82       0x3a ./Libraries/Source/gpio.o
                0x00001d82                GPIO_PinRead
 .text.lcd_SendHigherNibble
                0x00001dbc       0x40 ./Libraries/Source/lcd.o
 .text.lcd_SendCmdSignals
                0x00001dfc       0x38 ./Libraries/Source/lcd.o
 .text.lcd_SendLowerNibble
                0x00001e34       0x3c ./Libraries/Source/lcd.o
 .text.lcd_SendDataSignals
                0x00001e70       0x38 ./Libraries/Source/lcd.o
 .text.lcd_BusyCheck
                0x00001ea8       0x9e ./Libraries/Source/lcd.o
 .text.LCD_SetUp
                0x00001f46       0xe2 ./Libraries/Source/lcd.o
                0x00001f46                LCD_SetUp
 .text.LCD_CmdWrite
                0x00002028       0x32 ./Libraries/Source/lcd.o
                0x00002028                LCD_CmdWrite
 .text.LCD_GoToLine
                0x0000205a       0x20 ./Libraries/Source/lcd.o
                0x0000205a                LCD_GoToLine
 .text.LCD_Clear
                0x0000207a       0x2c ./Libraries/Source/lcd.o
                0x0000207a                LCD_Clear
 .text.LCD_Init
                0x000020a6       0x8c ./Libraries/Source/lcd.o
                0x000020a6                LCD_Init
 .text.LCD_GoToNextLine
                0x00002132       0x2a ./Libraries/Source/lcd.o
                0x00002132                LCD_GoToNextLine
 .text.LCD_SetCursor
                0x0000215c       0x2a ./Libraries/Source/lcd.o
                0x0000215c                LCD_SetCursor
 .text.LCD_DisplayChar
                0x00002186       0x58 ./Libraries/Source/lcd.o
                0x00002186                LCD_DisplayChar
 .text.LCD_DisplayNumber.part.2
                0x000021de       0x7c ./Libraries/Source/lcd.o
 .text.LCD_DisplayString
                0x0000225a       0x18 ./Libraries/Source/lcd.o
                0x0000225a                LCD_DisplayString
 .text.LCD_ScrollMessage
                0x00002272       0x86 ./Libraries/Source/lcd.o
                0x00002272                LCD_ScrollMessage
 .text.LCD_DisplayNumber
                0x000022f8      0x12e ./Libraries/Source/lcd.o
                0x000022f8                LCD_DisplayNumber
 .text.LCD_DisplayNumberWithAddingToBuffor
                0x00002426      0x1d6 ./Libraries/Source/lcd.o
                0x00002426                LCD_DisplayNumberWithAddingToBuffor
 .text.LCD_DataWrite
                0x000025fc       0x32 ./Libraries/Source/lcd.o
                0x000025fc                LCD_DataWrite
 .text.LCD_InitializeSymbols
                0x0000262e       0xb8 ./Libraries/Source/lcd.o
                0x0000262e                LCD_InitializeSymbols
 .text.LCD_PrintSymbol
                0x000026e6       0x52 ./Libraries/Source/lcd.o
                0x000026e6                LCD_PrintSymbol
 .text.LCD_PrintBlock
                0x00002738        0x6 ./Libraries/Source/lcd.o
                0x00002738                LCD_PrintBlock
 .text.LCD_PrintLArrow
                0x0000273e        0x6 ./Libraries/Source/lcd.o
                0x0000273e                LCD_PrintLArrow
 .text.LCD_PrintRArrow
                0x00002744        0x6 ./Libraries/Source/lcd.o
                0x00002744                LCD_PrintRArrow
 .text.LCD_PrintDot
                0x0000274a        0x6 ./Libraries/Source/lcd.o
                0x0000274a                LCD_PrintDot
 .text.LCD_DisplayStringWithAddingToBuffor
                0x00002750      0x10a ./Libraries/Source/lcd.o
                0x00002750                LCD_DisplayStringWithAddingToBuffor
 .text.LCD_XYPrintf
                0x0000285a      0x386 ./Libraries/Source/lcd.o
                0x0000285a                LCD_XYPrintf
 .text.LCD_RefreshScreen
                0x00002be0       0x48 ./Libraries/Source/lcd.o
                0x00002be0                LCD_RefreshScreen
 .text.LCD_Printf
                0x00002c28      0x29c ./Libraries/Source/lcd.o
                0x00002c28                LCD_Printf
 .text.UART_SetBaudRate
                0x00002ec4       0x5a ./Libraries/Source/uart.o
                0x00002ec4                UART_SetBaudRate
 .text.UART_Init
                0x00002f1e        0xe ./Libraries/Source/uart.o
                0x00002f1e                UART_Init
 .text.UART_RxChar
                0x00002f2c        0x8 ./Libraries/Source/uart.o
                0x00002f2c                UART_RxChar
 .text.UART_TxChar
                0x00002f34        0x8 ./Libraries/Source/uart.o
                0x00002f34                UART_TxChar
 .text.UART_TxNumber.part.0
                0x00002f3c       0x7c ./Libraries/Source/uart.o
 .text.UART_TxString
                0x00002fb8       0x18 ./Libraries/Source/uart.o
                0x00002fb8                UART_TxString
 .text.UART_RxString
                0x00002fd0       0x52 ./Libraries/Source/uart.o
                0x00002fd0                UART_RxString
 .text.UART_TxNumber
                0x00003022      0x116 ./Libraries/Source/uart.o
                0x00003022                UART_TxNumber
 .text.UART_TxFloatNumber
                0x00003138       0x6e ./Libraries/Source/uart.o
                0x00003138                UART_TxFloatNumber
 .text.UART_Printf
                0x000031a6      0x238 ./Libraries/Source/uart.o
                0x000031a6                UART_Printf
 .text.libgcc.mul
                0x000033de        0x0 c:/program files (x86)/atmel/avr tools/avr toolchain/bin/../lib/gcc/avr/4.8.1/avr5\libgcc.a(_divmodhi4.o)
 .text.libgcc.div
                0x000033de       0x28 c:/program files (x86)/atmel/avr tools/avr toolchain/bin/../lib/gcc/avr/4.8.1/avr5\libgcc.a(_divmodhi4.o)
                0x000033de                _div
                0x000033de                __divmodhi4
 .text.libgcc   0x00003406        0x0 c:/program files (x86)/atmel/avr tools/avr toolchain/bin/../lib/gcc/avr/4.8.1/avr5\libgcc.a(_divmodhi4.o)
 .text.libgcc.prologue
                0x00003406        0x0 c:/program files (x86)/atmel/avr tools/avr toolchain/bin/../lib/gcc/avr/4.8.1/avr5\libgcc.a(_divmodhi4.o)
 .text.libgcc.builtins
                0x00003406        0x0 c:/program files (x86)/atmel/avr tools/avr toolchain/bin/../lib/gcc/avr/4.8.1/avr5\libgcc.a(_divmodhi4.o)
 .text.libgcc.fmul
                0x00003406        0x0 c:/program files (x86)/atmel/avr tools/avr toolchain/bin/../lib/gcc/avr/4.8.1/avr5\libgcc.a(_divmodhi4.o)
 .text.libgcc.fixed
                0x00003406        0x0 c:/program files (x86)/atmel/avr tools/avr toolchain/bin/../lib/gcc/avr/4.8.1/avr5\libgcc.a(_divmodhi4.o)
 .text.libgcc.mul
                0x00003406        0x0 c:/program files (x86)/atmel/avr tools/avr toolchain/bin/../lib/gcc/avr/4.8.1/avr5\libgcc.a(_udivmodsi4.o)
 .text.libgcc.div
                0x00003406       0x44 c:/program files (x86)/atmel/avr tools/avr toolchain/bin/../lib/gcc/avr/4.8.1/avr5\libgcc.a(_udivmodsi4.o)
                0x00003406                __udivmodsi4
 .text.libgcc   0x0000344a        0x0 c:/program files (x86)/atmel/avr tools/avr toolchain/bin/../lib/gcc/avr/4.8.1/avr5\libgcc.a(_udivmodsi4.o)
 .text.libgcc.prologue
                0x0000344a        0x0 c:/program files (x86)/atmel/avr tools/avr toolchain/bin/../lib/gcc/avr/4.8.1/avr5\libgcc.a(_udivmodsi4.o)
 .text.libgcc.builtins
                0x0000344a        0x0 c:/program files (x86)/atmel/avr tools/avr toolchain/bin/../lib/gcc/avr/4.8.1/avr5\libgcc.a(_udivmodsi4.o)
 .text.libgcc.fmul
                0x0000344a        0x0 c:/program files (x86)/atmel/avr tools/avr toolchain/bin/../lib/gcc/avr/4.8.1/avr5\libgcc.a(_udivmodsi4.o)
 .text.libgcc.fixed
                0x0000344a        0x0 c:/program files (x86)/atmel/avr tools/avr toolchain/bin/../lib/gcc/avr/4.8.1/avr5\libgcc.a(_udivmodsi4.o)
 .text.libgcc.mul
                0x0000344a        0x0 c:/program files (x86)/atmel/avr tools/avr toolchain/bin/../lib/gcc/avr/4.8.1/avr5\libgcc.a(_exit.o)
 .text.libgcc.div
                0x0000344a        0x0 c:/program files (x86)/atmel/avr tools/avr toolchain/bin/../lib/gcc/avr/4.8.1/avr5\libgcc.a(_exit.o)
 .text.libgcc   0x0000344a        0x0 c:/program files (x86)/atmel/avr tools/avr toolchain/bin/../lib/gcc/avr/4.8.1/avr5\libgcc.a(_exit.o)
 .text.libgcc.prologue
                0x0000344a        0x0 c:/program files (x86)/atmel/avr tools/avr toolchain/bin/../lib/gcc/avr/4.8.1/avr5\libgcc.a(_exit.o)
 .text.libgcc.builtins
                0x0000344a        0x0 c:/program files (x86)/atmel/avr tools/avr toolchain/bin/../lib/gcc/avr/4.8.1/avr5\libgcc.a(_exit.o)
 .text.libgcc.fmul
                0x0000344a        0x0 c:/program files (x86)/atmel/avr tools/avr toolchain/bin/../lib/gcc/avr/4.8.1/avr5\libgcc.a(_exit.o)
 .text.libgcc.fixed
                0x0000344a        0x0 c:/program files (x86)/atmel/avr tools/avr toolchain/bin/../lib/gcc/avr/4.8.1/avr5\libgcc.a(_exit.o)
 .text.libgcc.mul
                0x0000344a        0x0 c:/program files (x86)/atmel/avr tools/avr toolchain/bin/../lib/gcc/avr/4.8.1/avr5\libgcc.a(_copy_data.o)
 .text.libgcc.div
                0x0000344a        0x0 c:/program files (x86)/atmel/avr tools/avr toolchain/bin/../lib/gcc/avr/4.8.1/avr5\libgcc.a(_copy_data.o)
 .text.libgcc   0x0000344a        0x0 c:/program files (x86)/atmel/avr tools/avr toolchain/bin/../lib/gcc/avr/4.8.1/avr5\libgcc.a(_copy_data.o)
 .text.libgcc.prologue
                0x0000344a        0x0 c:/program files (x86)/atmel/avr tools/avr toolchain/bin/../lib/gcc/avr/4.8.1/avr5\libgcc.a(_copy_data.o)
 .text.libgcc.builtins
                0x0000344a        0x0 c:/program files (x86)/atmel/avr tools/avr toolchain/bin/../lib/gcc/avr/4.8.1/avr5\libgcc.a(_copy_data.o)
 .text.libgcc.fmul
                0x0000344a        0x0 c:/program files (x86)/atmel/avr tools/avr toolchain/bin/../lib/gcc/avr/4.8.1/avr5\libgcc.a(_copy_data.o)
 .text.libgcc.fixed
                0x0000344a        0x0 c:/program files (x86)/atmel/avr tools/avr toolchain/bin/../lib/gcc/avr/4.8.1/avr5\libgcc.a(_copy_data.o)
 .text.libgcc.mul
                0x0000344a        0x0 c:/program files (x86)/atmel/avr tools/avr toolchain/bin/../lib/gcc/avr/4.8.1/avr5\libgcc.a(_clear_bss.o)
 .text.libgcc.div
                0x0000344a        0x0 c:/program files (x86)/atmel/avr tools/avr toolchain/bin/../lib/gcc/avr/4.8.1/avr5\libgcc.a(_clear_bss.o)
 .text.libgcc   0x0000344a        0x0 c:/program files (x86)/atmel/avr tools/avr toolchain/bin/../lib/gcc/avr/4.8.1/avr5\libgcc.a(_clear_bss.o)
 .text.libgcc.prologue
                0x0000344a        0x0 c:/program files (x86)/atmel/avr tools/avr toolchain/bin/../lib/gcc/avr/4.8.1/avr5\libgcc.a(_clear_bss.o)
 .text.libgcc.builtins
                0x0000344a        0x0 c:/program files (x86)/atmel/avr tools/avr toolchain/bin/../lib/gcc/avr/4.8.1/avr5\libgcc.a(_clear_bss.o)
 .text.libgcc.fmul
                0x0000344a        0x0 c:/program files (x86)/atmel/avr tools/avr toolchain/bin/../lib/gcc/avr/4.8.1/avr5\libgcc.a(_clear_bss.o)
 .text.libgcc.fixed
                0x0000344a        0x0 c:/program files (x86)/atmel/avr tools/avr toolchain/bin/../lib/gcc/avr/4.8.1/avr5\libgcc.a(_clear_bss.o)
 .text.libgcc.mul
                0x0000344a       0x10 c:/program files (x86)/atmel/avr tools/avr toolchain/bin/../lib/gcc/avr/4.8.1/avr5\libgcc.a(_mulshisi3.o)
                0x0000344a                __mulshisi3
                0x00003450                __mulohisi3
 .text.libgcc.div
                0x0000345a        0x0 c:/program files (x86)/atmel/avr tools/avr toolchain/bin/../lib/gcc/avr/4.8.1/avr5\libgcc.a(_mulshisi3.o)
 .text.libgcc   0x0000345a        0x0 c:/program files (x86)/atmel/avr tools/avr toolchain/bin/../lib/gcc/avr/4.8.1/avr5\libgcc.a(_mulshisi3.o)
 .text.libgcc.prologue
                0x0000345a        0x0 c:/program files (x86)/atmel/avr tools/avr toolchain/bin/../lib/gcc/avr/4.8.1/avr5\libgcc.a(_mulshisi3.o)
 .text.libgcc.builtins
                0x0000345a        0x0 c:/program files (x86)/atmel/avr tools/avr toolchain/bin/../lib/gcc/avr/4.8.1/avr5\libgcc.a(_mulshisi3.o)
 .text.libgcc.fmul
                0x0000345a        0x0 c:/program files (x86)/atmel/avr tools/avr toolchain/bin/../lib/gcc/avr/4.8.1/avr5\libgcc.a(_mulshisi3.o)
 .text.libgcc.fixed
                0x0000345a        0x0 c:/program files (x86)/atmel/avr tools/avr toolchain/bin/../lib/gcc/avr/4.8.1/avr5\libgcc.a(_mulshisi3.o)
 .text.libgcc.mul
                0x0000345a        0x0 c:/program files (x86)/atmel/avr tools/avr toolchain/bin/../lib/gcc/avr/4.8.1/avr5\libgcc.a(_udivmodhi4.o)
 .text.libgcc.div
                0x0000345a       0x28 c:/program files (x86)/atmel/avr tools/avr toolchain/bin/../lib/gcc/avr/4.8.1/avr5\libgcc.a(_udivmodhi4.o)
                0x0000345a                __udivmodhi4
 .text.libgcc   0x00003482        0x0 c:/program files (x86)/atmel/avr tools/avr toolchain/bin/../lib/gcc/avr/4.8.1/avr5\libgcc.a(_udivmodhi4.o)
 .text.libgcc.prologue
                0x00003482        0x0 c:/program files (x86)/atmel/avr tools/avr toolchain/bin/../lib/gcc/avr/4.8.1/avr5\libgcc.a(_udivmodhi4.o)
 .text.libgcc.builtins
                0x00003482        0x0 c:/program files (x86)/atmel/avr tools/avr toolchain/bin/../lib/gcc/avr/4.8.1/avr5\libgcc.a(_udivmodhi4.o)
 .text.libgcc.fmul
                0x00003482        0x0 c:/program files (x86)/atmel/avr tools/avr toolchain/bin/../lib/gcc/avr/4.8.1/avr5\libgcc.a(_udivmodhi4.o)
 .text.libgcc.fixed
                0x00003482        0x0 c:/program files (x86)/atmel/avr tools/avr toolchain/bin/../lib/gcc/avr/4.8.1/avr5\libgcc.a(_udivmodhi4.o)
 .text.libgcc.mul
                0x00003482       0x16 c:/program files (x86)/atmel/avr tools/avr toolchain/bin/../lib/gcc/avr/4.8.1/avr5\libgcc.a(_muluhisi3.o)
                0x00003482                __muluhisi3
 .text.libgcc.div
                0x00003498        0x0 c:/program files (x86)/atmel/avr tools/avr toolchain/bin/../lib/gcc/avr/4.8.1/avr5\libgcc.a(_muluhisi3.o)
 .text.libgcc   0x00003498        0x0 c:/program files (x86)/atmel/avr tools/avr toolchain/bin/../lib/gcc/avr/4.8.1/avr5\libgcc.a(_muluhisi3.o)
 .text.libgcc.prologue
                0x00003498        0x0 c:/program files (x86)/atmel/avr tools/avr toolchain/bin/../lib/gcc/avr/4.8.1/avr5\libgcc.a(_muluhisi3.o)
 .text.libgcc.builtins
                0x00003498        0x0 c:/program files (x86)/atmel/avr tools/avr toolchain/bin/../lib/gcc/avr/4.8.1/avr5\libgcc.a(_muluhisi3.o)
 .text.libgcc.fmul
                0x00003498        0x0 c:/program files (x86)/atmel/avr tools/avr toolchain/bin/../lib/gcc/avr/4.8.1/avr5\libgcc.a(_muluhisi3.o)
 .text.libgcc.fixed
                0x00003498        0x0 c:/program files (x86)/atmel/avr tools/avr toolchain/bin/../lib/gcc/avr/4.8.1/avr5\libgcc.a(_muluhisi3.o)
 .text.libgcc.mul
                0x00003498       0x1e c:/program files (x86)/atmel/avr tools/avr toolchain/bin/../lib/gcc/avr/4.8.1/avr5\libgcc.a(_umulhisi3.o)
                0x00003498                __umulhisi3
 .text.libgcc.div
                0x000034b6        0x0 c:/program files (x86)/atmel/avr tools/avr toolchain/bin/../lib/gcc/avr/4.8.1/avr5\libgcc.a(_umulhisi3.o)
 .text.libgcc   0x000034b6        0x0 c:/program files (x86)/atmel/avr tools/avr toolchain/bin/../lib/gcc/avr/4.8.1/avr5\libgcc.a(_umulhisi3.o)
 .text.libgcc.prologue
                0x000034b6        0x0 c:/program files (x86)/atmel/avr tools/avr toolchain/bin/../lib/gcc/avr/4.8.1/avr5\libgcc.a(_umulhisi3.o)
 .text.libgcc.builtins
                0x000034b6        0x0 c:/program files (x86)/atmel/avr tools/avr toolchain/bin/../lib/gcc/avr/4.8.1/avr5\libgcc.a(_umulhisi3.o)
 .text.libgcc.fmul
                0x000034b6        0x0 c:/program files (x86)/atmel/avr tools/avr toolchain/bin/../lib/gcc/avr/4.8.1/avr5\libgcc.a(_umulhisi3.o)
 .text.libgcc.fixed
                0x000034b6        0x0 c:/program files (x86)/atmel/avr tools/avr toolchain/bin/../lib/gcc/avr/4.8.1/avr5\libgcc.a(_umulhisi3.o)
 .text.avr-libc.fplib
                0x000034b6        0xa c:/program files (x86)/atmel/avr tools/avr toolchain/bin/../lib/gcc/avr/4.8.1/../../../../avr/lib/avr5\libm.a(addsf3.o)
                0x000034b6                __subsf3
                0x000034b8                __addsf3
 .text.avr-libc.fplib
                0x000034c0       0xc0 c:/program files (x86)/atmel/avr tools/avr toolchain/bin/../lib/gcc/avr/4.8.1/../../../../avr/lib/avr5\libm.a(addsf3x.o)
                0x000034da                __addsf3x
 .text.avr-libc.fplib
                0x00003580       0x58 c:/program files (x86)/atmel/avr tools/avr toolchain/bin/../lib/gcc/avr/4.8.1/../../../../avr/lib/avr5\libm.a(fixunssfsi.o)
                0x00003580                __fixunssfsi
 .text.avr-libc.fplib
                0x000035d8       0x7a c:/program files (x86)/atmel/avr tools/avr toolchain/bin/../lib/gcc/avr/4.8.1/../../../../avr/lib/avr5\libm.a(floatsisf.o)
                0x000035d8                __floatunsisf
                0x000035dc                __floatsisf
 .text.avr-libc.fplib
                0x00003652        0xc c:/program files (x86)/atmel/avr tools/avr toolchain/bin/../lib/gcc/avr/4.8.1/../../../../avr/lib/avr5\libm.a(fp_inf.o)
                0x00003652                __fp_inf
 .text.avr-libc.fplib
                0x0000365e        0x6 c:/program files (x86)/atmel/avr tools/avr toolchain/bin/../lib/gcc/avr/4.8.1/../../../../avr/lib/avr5\libm.a(fp_nan.o)
                0x0000365e                __fp_nan
 .text.avr-libc.fplib
                0x00003664        0xe c:/program files (x86)/atmel/avr tools/avr toolchain/bin/../lib/gcc/avr/4.8.1/../../../../avr/lib/avr5\libm.a(fp_pscA.o)
                0x00003664                __fp_pscA
 .text.avr-libc.fplib
                0x00003672        0xe c:/program files (x86)/atmel/avr tools/avr toolchain/bin/../lib/gcc/avr/4.8.1/../../../../avr/lib/avr5\libm.a(fp_pscB.o)
                0x00003672                __fp_pscB
 .text.avr-libc.fplib
                0x00003680       0x22 c:/program files (x86)/atmel/avr tools/avr toolchain/bin/../lib/gcc/avr/4.8.1/../../../../avr/lib/avr5\libm.a(fp_round.o)
                0x00003680                __fp_round
 .text.avr-libc.fplib
                0x000036a2       0x44 c:/program files (x86)/atmel/avr tools/avr toolchain/bin/../lib/gcc/avr/4.8.1/../../../../avr/lib/avr5\libm.a(fp_split3.o)
                0x000036a2                __fp_split3
                0x000036b2                __fp_splitA
 .text.avr-libc.fplib
                0x000036e6        0xe c:/program files (x86)/atmel/avr tools/avr toolchain/bin/../lib/gcc/avr/4.8.1/../../../../avr/lib/avr5\libm.a(fp_zero.o)
                0x000036e6                __fp_zero
                0x000036e8                __fp_szero
 .text.avr-libc.fplib
                0x000036f4        0x4 c:/program files (x86)/atmel/avr tools/avr toolchain/bin/../lib/gcc/avr/4.8.1/../../../../avr/lib/avr5\libm.a(mulsf3.o)
                0x000036f4                __mulsf3
 .text.avr-libc.fplib
                0x000036f8       0xc2 c:/program files (x86)/atmel/avr tools/avr toolchain/bin/../lib/gcc/avr/4.8.1/../../../../avr/lib/avr5\libm.a(mulsf3x.o)
                0x0000370c                __mulsf3x
                0x00003710                __mulsf3_pse
                0x000037ba                . = ALIGN (0x2)
 *(.fini9)
 .fini9         0x000037ba        0x0 c:/program files (x86)/atmel/avr tools/avr toolchain/bin/../lib/gcc/avr/4.8.1/avr5\libgcc.a(_exit.o)
                0x000037ba                _exit
                0x000037ba                exit
 *(.fini9)
 *(.fini8)
 *(.fini8)
 *(.fini7)
 *(.fini7)
 *(.fini6)
 *(.fini6)
 *(.fini5)
 *(.fini5)
 *(.fini4)
 *(.fini4)
 *(.fini3)
 *(.fini3)
 *(.fini2)
 *(.fini2)
 *(.fini1)
 *(.fini1)
 *(.fini0)
 .fini0         0x000037ba        0x4 c:/program files (x86)/atmel/avr tools/avr toolchain/bin/../lib/gcc/avr/4.8.1/avr5\libgcc.a(_exit.o)
 *(.fini0)
                0x000037be                _etext = .

.data           0x00800060      0x216 load address 0x000037be
                0x00800060                PROVIDE (__data_start, .)
 *(.data)
 .data          0x00800060        0x0 c:/program files (x86)/atmel/avr tools/avr toolchain/bin/../lib/gcc/avr/4.8.1/../../../../avr/lib/avr5/crtm32.o
 .data          0x00800060        0x0 ./SRC/SOURCE/DEV_COMMAND.o
 .data          0x00800060        0x0 ./SRC/SOURCE/LCD_EXPLOITING.o
 .data          0x00800060        0x0 ./SRC/SOURCE/LEDcontrol.o
 .data          0x00800060        0x0 ./SRC/SOURCE/PWM.o
 .data          0x00800060        0x0 ./SRC/SOURCE/SettingsMenu.o
 .data          0x00800060        0x0 ./SRC/SOURCE/UART_COMMUNICATION.o
 .data          0x00800060        0x0 ./SRC/SOURCE/main.o
 .data          0x00800060        0x0 ./Libraries/Source/delay.o
 .data          0x00800060        0x0 ./Libraries/Source/eeprom.o
 .data          0x00800060        0x0 ./Libraries/Source/gpio.o
 .data          0x00800060        0x0 ./Libraries/Source/lcd.o
 .data          0x00800060        0x0 ./Libraries/Source/uart.o
 .data          0x00800060        0x0 c:/program files (x86)/atmel/avr tools/avr toolchain/bin/../lib/gcc/avr/4.8.1/avr5\libgcc.a(_divmodhi4.o)
 .data          0x00800060        0x0 c:/program files (x86)/atmel/avr tools/avr toolchain/bin/../lib/gcc/avr/4.8.1/avr5\libgcc.a(_udivmodsi4.o)
 .data          0x00800060        0x0 c:/program files (x86)/atmel/avr tools/avr toolchain/bin/../lib/gcc/avr/4.8.1/avr5\libgcc.a(_exit.o)
 .data          0x00800060        0x0 c:/program files (x86)/atmel/avr tools/avr toolchain/bin/../lib/gcc/avr/4.8.1/avr5\libgcc.a(_copy_data.o)
 .data          0x00800060        0x0 c:/program files (x86)/atmel/avr tools/avr toolchain/bin/../lib/gcc/avr/4.8.1/avr5\libgcc.a(_clear_bss.o)
 .data          0x00800060        0x0 c:/program files (x86)/atmel/avr tools/avr toolchain/bin/../lib/gcc/avr/4.8.1/avr5\libgcc.a(_mulshisi3.o)
 .data          0x00800060        0x0 c:/program files (x86)/atmel/avr tools/avr toolchain/bin/../lib/gcc/avr/4.8.1/avr5\libgcc.a(_udivmodhi4.o)
 .data          0x00800060        0x0 c:/program files (x86)/atmel/avr tools/avr toolchain/bin/../lib/gcc/avr/4.8.1/avr5\libgcc.a(_muluhisi3.o)
 .data          0x00800060        0x0 c:/program files (x86)/atmel/avr tools/avr toolchain/bin/../lib/gcc/avr/4.8.1/avr5\libgcc.a(_umulhisi3.o)
 .data          0x00800060        0x0 c:/program files (x86)/atmel/avr tools/avr toolchain/bin/../lib/gcc/avr/4.8.1/../../../../avr/lib/avr5\libm.a(addsf3.o)
 .data          0x00800060        0x0 c:/program files (x86)/atmel/avr tools/avr toolchain/bin/../lib/gcc/avr/4.8.1/../../../../avr/lib/avr5\libm.a(addsf3x.o)
 .data          0x00800060        0x0 c:/program files (x86)/atmel/avr tools/avr toolchain/bin/../lib/gcc/avr/4.8.1/../../../../avr/lib/avr5\libm.a(fixunssfsi.o)
 .data          0x00800060        0x0 c:/program files (x86)/atmel/avr tools/avr toolchain/bin/../lib/gcc/avr/4.8.1/../../../../avr/lib/avr5\libm.a(floatsisf.o)
 .data          0x00800060        0x0 c:/program files (x86)/atmel/avr tools/avr toolchain/bin/../lib/gcc/avr/4.8.1/../../../../avr/lib/avr5\libm.a(fp_inf.o)
 .data          0x00800060        0x0 c:/program files (x86)/atmel/avr tools/avr toolchain/bin/../lib/gcc/avr/4.8.1/../../../../avr/lib/avr5\libm.a(fp_nan.o)
 .data          0x00800060        0x0 c:/program files (x86)/atmel/avr tools/avr toolchain/bin/../lib/gcc/avr/4.8.1/../../../../avr/lib/avr5\libm.a(fp_pscA.o)
 .data          0x00800060        0x0 c:/program files (x86)/atmel/avr tools/avr toolchain/bin/../lib/gcc/avr/4.8.1/../../../../avr/lib/avr5\libm.a(fp_pscB.o)
 .data          0x00800060        0x0 c:/program files (x86)/atmel/avr tools/avr toolchain/bin/../lib/gcc/avr/4.8.1/../../../../avr/lib/avr5\libm.a(fp_round.o)
 .data          0x00800060        0x0 c:/program files (x86)/atmel/avr tools/avr toolchain/bin/../lib/gcc/avr/4.8.1/../../../../avr/lib/avr5\libm.a(fp_split3.o)
 .data          0x00800060        0x0 c:/program files (x86)/atmel/avr tools/avr toolchain/bin/../lib/gcc/avr/4.8.1/../../../../avr/lib/avr5\libm.a(fp_zero.o)
 .data          0x00800060        0x0 c:/program files (x86)/atmel/avr tools/avr toolchain/bin/../lib/gcc/avr/4.8.1/../../../../avr/lib/avr5\libm.a(mulsf3.o)
 .data          0x00800060        0x0 c:/program files (x86)/atmel/avr tools/avr toolchain/bin/../lib/gcc/avr/4.8.1/../../../../avr/lib/avr5\libm.a(mulsf3x.o)
 *(.data*)
 .data.ARR_LcdLineNumAddress_U8
                0x00800060        0x4 ./Libraries/Source/lcd.o
                0x00800060                ARR_LcdLineNumAddress_U8
 *(.rodata)
 .rodata        0x00800064       0x48 ./Libraries/Source/lcd.o
 *(.rodata*)
 .rodata.str1.1
                0x008000ac       0x60 ./SRC/SOURCE/DEV_COMMAND.o
 .rodata.str1.1
                0x0080010c       0xa1 ./SRC/SOURCE/LCD_EXPLOITING.o
                                 0xa4 (size before relaxing)
 .rodata.str1.1
                0x008001ad       0x8b ./SRC/SOURCE/SettingsMenu.o
                                 0x95 (size before relaxing)
 .rodata.str1.1
                0x00800238       0x3d ./SRC/SOURCE/main.o
                                 0x40 (size before relaxing)
 *(.gnu.linkonce.d*)
                0x00800276                . = ALIGN (0x2)
 *fill*         0x00800275        0x1 
                0x00800276                _edata = .
                0x00800276                PROVIDE (__data_end, .)

.bss            0x00800276       0x30
                0x00800276                PROVIDE (__bss_start, .)
 *(.bss)
 .bss           0x00800276        0x0 c:/program files (x86)/atmel/avr tools/avr toolchain/bin/../lib/gcc/avr/4.8.1/../../../../avr/lib/avr5/crtm32.o
 .bss           0x00800276        0x0 ./SRC/SOURCE/DEV_COMMAND.o
 .bss           0x00800276        0x0 ./SRC/SOURCE/LCD_EXPLOITING.o
 .bss           0x00800276        0x0 ./SRC/SOURCE/LEDcontrol.o
 .bss           0x00800276        0x0 ./SRC/SOURCE/PWM.o
 .bss           0x00800276        0x0 ./SRC/SOURCE/SettingsMenu.o
 .bss           0x00800276        0x0 ./SRC/SOURCE/UART_COMMUNICATION.o
 .bss           0x00800276        0x0 ./SRC/SOURCE/main.o
 .bss           0x00800276        0x0 ./Libraries/Source/delay.o
 .bss           0x00800276        0x0 ./Libraries/Source/eeprom.o
 .bss           0x00800276        0x0 ./Libraries/Source/gpio.o
 .bss           0x00800276        0x0 ./Libraries/Source/lcd.o
 .bss           0x00800276        0x0 ./Libraries/Source/uart.o
 .bss           0x00800276        0x0 c:/program files (x86)/atmel/avr tools/avr toolchain/bin/../lib/gcc/avr/4.8.1/avr5\libgcc.a(_divmodhi4.o)
 .bss           0x00800276        0x0 c:/program files (x86)/atmel/avr tools/avr toolchain/bin/../lib/gcc/avr/4.8.1/avr5\libgcc.a(_udivmodsi4.o)
 .bss           0x00800276        0x0 c:/program files (x86)/atmel/avr tools/avr toolchain/bin/../lib/gcc/avr/4.8.1/avr5\libgcc.a(_exit.o)
 .bss           0x00800276        0x0 c:/program files (x86)/atmel/avr tools/avr toolchain/bin/../lib/gcc/avr/4.8.1/avr5\libgcc.a(_copy_data.o)
 .bss           0x00800276        0x0 c:/program files (x86)/atmel/avr tools/avr toolchain/bin/../lib/gcc/avr/4.8.1/avr5\libgcc.a(_clear_bss.o)
 .bss           0x00800276        0x0 c:/program files (x86)/atmel/avr tools/avr toolchain/bin/../lib/gcc/avr/4.8.1/avr5\libgcc.a(_mulshisi3.o)
 .bss           0x00800276        0x0 c:/program files (x86)/atmel/avr tools/avr toolchain/bin/../lib/gcc/avr/4.8.1/avr5\libgcc.a(_udivmodhi4.o)
 .bss           0x00800276        0x0 c:/program files (x86)/atmel/avr tools/avr toolchain/bin/../lib/gcc/avr/4.8.1/avr5\libgcc.a(_muluhisi3.o)
 .bss           0x00800276        0x0 c:/program files (x86)/atmel/avr tools/avr toolchain/bin/../lib/gcc/avr/4.8.1/avr5\libgcc.a(_umulhisi3.o)
 .bss           0x00800276        0x0 c:/program files (x86)/atmel/avr tools/avr toolchain/bin/../lib/gcc/avr/4.8.1/../../../../avr/lib/avr5\libm.a(addsf3.o)
 .bss           0x00800276        0x0 c:/program files (x86)/atmel/avr tools/avr toolchain/bin/../lib/gcc/avr/4.8.1/../../../../avr/lib/avr5\libm.a(addsf3x.o)
 .bss           0x00800276        0x0 c:/program files (x86)/atmel/avr tools/avr toolchain/bin/../lib/gcc/avr/4.8.1/../../../../avr/lib/avr5\libm.a(fixunssfsi.o)
 .bss           0x00800276        0x0 c:/program files (x86)/atmel/avr tools/avr toolchain/bin/../lib/gcc/avr/4.8.1/../../../../avr/lib/avr5\libm.a(floatsisf.o)
 .bss           0x00800276        0x0 c:/program files (x86)/atmel/avr tools/avr toolchain/bin/../lib/gcc/avr/4.8.1/../../../../avr/lib/avr5\libm.a(fp_inf.o)
 .bss           0x00800276        0x0 c:/program files (x86)/atmel/avr tools/avr toolchain/bin/../lib/gcc/avr/4.8.1/../../../../avr/lib/avr5\libm.a(fp_nan.o)
 .bss           0x00800276        0x0 c:/program files (x86)/atmel/avr tools/avr toolchain/bin/../lib/gcc/avr/4.8.1/../../../../avr/lib/avr5\libm.a(fp_pscA.o)
 .bss           0x00800276        0x0 c:/program files (x86)/atmel/avr tools/avr toolchain/bin/../lib/gcc/avr/4.8.1/../../../../avr/lib/avr5\libm.a(fp_pscB.o)
 .bss           0x00800276        0x0 c:/program files (x86)/atmel/avr tools/avr toolchain/bin/../lib/gcc/avr/4.8.1/../../../../avr/lib/avr5\libm.a(fp_round.o)
 .bss           0x00800276        0x0 c:/program files (x86)/atmel/avr tools/avr toolchain/bin/../lib/gcc/avr/4.8.1/../../../../avr/lib/avr5\libm.a(fp_split3.o)
 .bss           0x00800276        0x0 c:/program files (x86)/atmel/avr tools/avr toolchain/bin/../lib/gcc/avr/4.8.1/../../../../avr/lib/avr5\libm.a(fp_zero.o)
 .bss           0x00800276        0x0 c:/program files (x86)/atmel/avr tools/avr toolchain/bin/../lib/gcc/avr/4.8.1/../../../../avr/lib/avr5\libm.a(mulsf3.o)
 .bss           0x00800276        0x0 c:/program files (x86)/atmel/avr tools/avr toolchain/bin/../lib/gcc/avr/4.8.1/../../../../avr/lib/avr5\libm.a(mulsf3x.o)
 *(.bss*)
 *(COMMON)
 COMMON         0x00800276       0x20 ./SRC/SOURCE/DEV_COMMAND.o
                0x00800276                LCD_BUFFOR
 COMMON         0x00800296       0x10 ./Libraries/Source/lcd.o
                0x00800296                LCDConfig
                0x008002a4                v_LcdTrackCursorPos_U8
                0x008002a5                v_LcdTrackLineNum_U8
                0x008002a6                PROVIDE (__bss_end, .)
                0x000037be                __data_load_start = LOADADDR (.data)
                0x000039d4                __data_load_end = (__data_load_start + SIZEOF (.data))

.noinit         0x008002a6        0x0
                0x008002a6                PROVIDE (__noinit_start, .)
 *(.noinit*)
                0x008002a6                PROVIDE (__noinit_end, .)
                0x008002a6                _end = .
                0x008002a6                PROVIDE (__heap_start, .)

.eeprom         0x00810000        0x0
 *(.eeprom*)
                0x00810000                __eeprom_end = .

.fuse
 *(.fuse)
 *(.lfuse)
 *(.hfuse)
 *(.efuse)

.lock
 *(.lock*)

.signature
 *(.signature*)

.user_signatures
 *(.user_signatures*)

.stab
 *(.stab)

.stabstr
 *(.stabstr)

.stab.excl
 *(.stab.excl)

.stab.exclstr
 *(.stab.exclstr)

.stab.index
 *(.stab.index)

.stab.indexstr
 *(.stab.indexstr)

.comment        0x00000000       0x30
 *(.comment)
 .comment       0x00000000       0x30 ./SRC/SOURCE/DEV_COMMAND.o
                                 0x31 (size before relaxing)
 .comment       0x00000000       0x31 ./SRC/SOURCE/LCD_EXPLOITING.o
 .comment       0x00000000       0x31 ./SRC/SOURCE/LEDcontrol.o
 .comment       0x00000000       0x31 ./SRC/SOURCE/PWM.o
 .comment       0x00000000       0x31 ./SRC/SOURCE/SettingsMenu.o
 .comment       0x00000000       0x31 ./SRC/SOURCE/UART_COMMUNICATION.o
 .comment       0x00000000       0x31 ./SRC/SOURCE/main.o
 .comment       0x00000000       0x31 ./Libraries/Source/delay.o
 .comment       0x00000000       0x31 ./Libraries/Source/eeprom.o
 .comment       0x00000000       0x31 ./Libraries/Source/gpio.o
 .comment       0x00000000       0x31 ./Libraries/Source/lcd.o
 .comment       0x00000000       0x31 ./Libraries/Source/uart.o

.note.gnu.build-id
 *(.note.gnu.build-id)

.debug
 *(.debug)

.line
 *(.line)

.debug_srcinfo
 *(.debug_srcinfo)

.debug_sfnames
 *(.debug_sfnames)

.debug_aranges
 *(.debug_aranges)

.debug_pubnames
 *(.debug_pubnames)

.debug_info
 *(.debug_info .gnu.linkonce.wi.*)

.debug_abbrev
 *(.debug_abbrev)

.debug_line
 *(.debug_line .debug_line.* .debug_line_end)

.debug_frame
 *(.debug_frame)

.debug_str
 *(.debug_str)

.debug_loc
 *(.debug_loc)

.debug_macinfo
 *(.debug_macinfo)

.debug_weaknames
 *(.debug_weaknames)

.debug_funcnames
 *(.debug_funcnames)

.debug_typenames
 *(.debug_typenames)

.debug_varnames
 *(.debug_varnames)

.debug_pubtypes
 *(.debug_pubtypes)

.debug_ranges
 *(.debug_ranges)

.debug_macro
 *(.debug_macro)
OUTPUT(USB_MEDIA_CONTROLLER.elf elf32-avr)
LOAD linker stubs
